// Jest Snapshot v1, https://goo.gl/fbAQLP

exports[`Fix Search Header renders correctly 1`] = `
<View
  style={
    Object {
      "alignItems": "center",
      "backgroundColor": "#EEEEEE",
      "borderBottomLeftRadius": 12,
      "borderBottomRightRadius": 12,
      "elevation": 2,
      "flex": 0,
      "flexDirection": "column",
      "padding": 10,
      "paddingTop": 60,
      "shadowColor": "#000",
      "shadowOffset": Object {
        "height": 1,
        "width": 0,
      },
      "shadowOpacity": 0.2,
      "shadowRadius": 1.41,
    }
  }
>
  <View
    style={
      Object {
        "backgroundColor": "#333",
        "borderRadius": 8,
        "margin": 10,
        "padding": 20,
      }
    }
  >
    <Text
      style={
        Object {
          "color": "#fff",
        }
      }
    >
      Search bar goes here
    </Text>
  </View>
  <View
    style={
      Object {
        "height": 40,
      }
    }
  >
    <View
      style={
        Array [
          Object {
            "flexBasis": 0,
            "flexGrow": 1,
            "flexShrink": 1,
          },
        ]
      }
    >
      <Text
        color="dark"
        fontSize={24}
        fontWeight={400}
        justification="left"
        padding={3}
        style={
          Array [
            Object {
              "color": "#1D1F2A",
              "flexDirection": "row",
              "fontFamily": "Raleway",
              "fontSize": 24,
              "fontWeight": "400",
              "paddingBottom": 3,
              "paddingLeft": 3,
              "paddingRight": 3,
              "paddingTop": 3,
              "textAlign": "left",
            },
          ]
        }
      >
        screen title
      </Text>
    </View>
  </View>
</View>
`;
