// Jest Snapshot v1, https://goo.gl/fbAQLP

exports[`Chat profile screen renders correctly 1`] = `
<RNCSafeAreaView
  style={
    Object {
      "backgroundColor": "#FFD14A",
      "flex": 1,
      "height": 1239,
      "width": "100%",
    }
  }
>
  <View
    style={
      Object {
        "alignContent": "center",
        "backgroundColor": "white",
        "borderTopLeftRadius": 20,
        "borderTopRightRadius": 20,
        "flex": 1,
        "flexDirection": "column",
        "flexGrow": 100,
      }
    }
  >
    <Text
      style={
        Object {
          "alignSelf": "center",
          "color": "gray",
          "marginTop": 15,
        }
      }
    >
      last seen today at 10:33
    </Text>
    <View
      style={
        Object {
          "alignSelf": "center",
          "borderRadius": 100,
          "borderWidth": 1,
          "height": 200,
          "justifyContent": "center",
          "marginBottom": 30,
          "marginTop": 50,
          "overflow": "hidden",
          "width": 200,
        }
      }
    >
      <Text>
        Image not found
      </Text>
    </View>
    <Text
      style={
        Object {
          "alignSelf": "center",
          "color": "gray",
          "marginBottom": 10,
        }
      }
    >
      Andy
    </Text>
    <Text
      style={
        Object {
          "alignSelf": "center",
          "color": "gray",
          "marginBottom": 10,
        }
      }
    >
      Info
    </Text>
    <Text
      style={
        Object {
          "alignSelf": "flex-start",
          "color": "gray",
          "marginLeft": 50,
          "marginTop": 10,
        }
      }
    >
      Your fixes with Andy:
    </Text>
    <View>
      <RCTScrollView
        disableVirtualization={false}
        getItem={[Function]}
        getItemCount={[Function]}
        horizontal={false}
        initialNumToRender={10}
        keyExtractor={[Function]}
        maxToRenderPerBatch={10}
        nestedScrollEnabled={true}
        onContentSizeChange={[Function]}
        onEndReachedThreshold={2}
        onLayout={[Function]}
        onMomentumScrollEnd={[Function]}
        onScroll={[Function]}
        onScrollBeginDrag={[Function]}
        onScrollEndDrag={[Function]}
        removeClippedSubviews={false}
        renderItem={[Function]}
        scrollEventThrottle={50}
        stickyHeaderIndices={Array []}
        updateCellsBatchingPeriod={50}
        viewabilityConfigCallbackPairs={Array []}
        windowSize={21}
      >
        <View />
      </RCTScrollView>
    </View>
  </View>
</RNCSafeAreaView>
`;
