// Jest Snapshot v1, https://goo.gl/fbAQLP

exports[`Form Text Input renders correctly 1`] = `
<View
  style={
    Object {
      "position": "relative",
    }
  }
>
  <View
    style={
      Object {
        "backgroundColor": "transparent",
        "elevation": 1,
        "left": 10,
        "position": "absolute",
        "top": -10,
        "zIndex": 1,
      }
    }
  >
    <Text
      style={
        Object {
          "backgroundColor": "#fff",
          "fontSize": 13,
          "padding": 3,
        }
      }
    >
      some title
    </Text>
  </View>
  <TextInput
    allowFontScaling={true}
    keyboardType="default"
    multiline={false}
    onBlur={[Function]}
    onChangeText={[MockFunction]}
    onFocus={[Function]}
    rejectResponderTermination={true}
    selectionColor="#FFD14A"
    style={
      Array [
        Object {
          "backgroundColor": "#fff",
          "borderColor": "#8B8B8B",
          "borderRadius": 8,
          "borderWidth": 1,
          "paddingLeft": 10,
          "paddingRight": 10,
        },
        Object {
          "height": 50,
          "paddingLeft": 10,
        },
      ]
    }
    underlineColorAndroid="transparent"
    value="some value"
  />
</View>
`;
